// Jest Snapshot v1, https://goo.gl/fbAQLP

exports[`testing Layout (toolbar) component test render layout component 1`] = `
<div
  className="MuiGrid-container-1 MuiGrid-align-items-xs-center-9 MuiGrid-justify-xs-center-18"
  style={
    Object {
      "backgroundImage": "url('https://www.vactualpapers.com/wallpapers/a-beautiful-sunset-by-the-beach-nature-landscape-4k-wallpaper/download/5120x2880.jpg')",
      "backgroundSize": "cover",
      "marginBottom": 10,
    }
  }
>
  <div
    className="MuiGrid-container-1 MuiGrid-spacing-xs-24-25 MuiGrid-align-items-xs-center-9 MuiGrid-justify-xs-center-18"
    style={
      Object {
        "background": "white",
        "borderRadius": "3px",
        "marginBottom": 16,
        "marginLeft": 16,
        "marginRight": 16,
        "marginTop": 20,
        "minHeight": "82vh",
        "padding": 20,
      }
    }
  >
    <div
      className=""
    >
      <h2
        className="MuiTypography-root-98 MuiTypography-h1-110 MuiTypography-gutterBottom-125"
      >
        TIBO
      </h2>
      <h3
        className="MuiTypography-root-98 MuiTypography-h3-112 MuiTypography-gutterBottom-125"
      >
        Travel Inspiration BOard
      </h3>
      <h6
        className="MuiTypography-root-98 MuiTypography-h6-115 MuiTypography-gutterBottom-125"
      >
        Here you can add (follow) cities that you plan to visit, see and compare information from different cities to decide your next trip. Not enought inspiration to visit this or that city? Go and see pictures.
      </h6>
      <h3
        className="MuiTypography-root-98 MuiTypography-h3-112 MuiTypography-gutterBottom-125"
      >
        What you can do now?
      </h3>
      <h5
        className="MuiTypography-root-98 MuiTypography-h5-114 MuiTypography-gutterBottom-125"
      >
        For now you can add (follow) city card and see next information:
      </h5>
      <h6
        className="MuiTypography-root-98 MuiTypography-h6-115 MuiTypography-gutterBottom-125"
      >
        •   picture with views of city
        <br />
        •   country
        <br />
        •   monthly weather
        <br />
        •   current weather
        <br />
        •   currency
        <br />
        •   official language
        <br />
        •   current date and time
        <br />
        •   approximate flight cost from your location to desired city and dates for this cost
        <br />
        Also, if you don't like city anymore, you can unfollow (delete from your board)
        <br />
      </h6>
      <h5
        className="MuiTypography-root-98 MuiTypography-h5-114 MuiTypography-gutterBottom-125"
      >
        For future you will
      </h5>
      <h6
        className="MuiTypography-root-98 MuiTypography-h6-115 MuiTypography-gutterBottom-125"
      >
        •   see weather monthly graph to plan your farther trips
        <br />
        •   see more city pictures, life videos
        <br />
        •   see upcoming events
        <br />
        •   see unsafe places (which will be highlighted in red), recommended places (which will be highlighted in blue; "recommendedness" based on system data: cost, weather, city traffic, etc.)
        <br />
        •   compose your travel history (we plan to add worldwide map)
        <br />
        •   choose date "TO FROM" yourself
        <br />
        •   filter ticket cost: "the cheapest flight ticket", "flight ticket with luggage"
        <br />
        •   change design themes
        <br />
        •   for the distant future you will:
        <br />
        •   add the information you consider necessary to the city cards; Perhaps your card will be the most informative and will be liked by other users.
      </h6>
    </div>
  </div>
</div>
`;
